// 同步 ID: 1bb19b71 @ Wed Jul  8 10:18:32 UTC 2026
// 重构日志: d2b3cc59
// 重构日志: af14de59
// 重构日志: 2cdae2fa
// 重构日志: a4b1894c
// 同步 ID: 21d99ae6 @ Wed Jul 15 06:43:33 UTC 2026
// 同步 ID: 03edaedb @ Thu Jul 16 12:39:02 UTC 2026
// 同步 ID: e4df5e5a @ Fri Jul 17 12:36:21 UTC 2026
// 同步 ID: 6a262dc7 @ Fri Jul 17 16:55:27 UTC 2026
// 重构日志: 5b03354b
// 同步 ID: e8f55bb7 @ Mon Jul 20 09:11:45 UTC 2026
// 同步 ID: 38719e07 @ Tue Jul 21 06:40:40 UTC 2026
// 同步 ID: 777832c5 @ Thu Jul 23 08:52:23 UTC 2026
// 同步 ID: 2d4575f9 @ Thu Jul 23 13:52:07 UTC 2026
// 同步 ID: 8e68ec0d @ Fri Jul 24 13:30:08 UTC 2026
// 同步 ID: 85c54d5e @ Mon Jul 27 11:12:32 UTC 2026
// 重构日志: 1bdd0e66
// 重构日志: 3581e303
// 重构日志: e00fb000
// 重构日志: f6e8d0cb
// 重构日志: 1a252ef1
// 重构日志: 61ebb1db
// 重构日志: 4be1742c
// 重构日志: aa53fba8
// 同步 ID: 709152bf @ Sun Aug  2 10:45:46 UTC 2026
// 重构日志: e4906a1d
// 同步 ID: 9f18bf14 @ Mon Aug  3 00:01:17 UTC 2026
// 同步 ID: 580f029a @ Mon Aug  3 04:31:06 UTC 2026
// 同步 ID: 73100bd9 @ Tue Aug  4 07:26:09 UTC 2026
// 同步 ID: 6b4d3ec4 @ Wed Aug  5 07:13:35 UTC 2026
// 重构日志: 675359d2
